// Vitest Snapshot v1, https://vitest.dev/guide/snapshot.html

exports[`generates map from theme and variables 1`] = `
{
  "appear": "--appear-var-6p8h3e",
  "black": "--black-var-hzs4ll",
  "boxShadow": "--boxShadow-var-dagaav",
  "brown": "--brown-var-169z90",
  "buttonShadow": "--buttonShadow-var-qsypl8",
  "containerShadowBase": "--containerShadowBase-var-hgd7lr",
  "fontFamilyBase": "--fontFamilyBase-var-vwivku",
  "fontFamilyBody": "--fontFamilyBody-var-hrltbw",
  "grey": "--grey-var-tyah58",
  "lineShadow": "--lineShadow-var-qvzur4",
  "medium": "--medium-var-5go7u6",
  "modalShadowContainer": "--modalShadowContainer-var-xh8cym",
  "scaledSize": "--scaledSize-var-r3mwra",
  "shadow": "--shadow-var-dtxhie",
  "small": "--small-var-8lwc4p",
}
`;
